   1              		.syntax unified
   2              		.cpu cortex-m3
   3              		.fpu softvfp
   4              		.eabi_attribute 20, 1
   5              		.eabi_attribute 21, 1
   6              		.eabi_attribute 23, 3
   7              		.eabi_attribute 24, 1
   8              		.eabi_attribute 25, 1
   9              		.eabi_attribute 26, 1
  10              		.eabi_attribute 30, 6
  11              		.eabi_attribute 18, 4
  12              		.thumb
  13              		.file	"board-isrs.cpp"
  23              	.Ltext0:
  24              		.file 1 "../board/olimex-stm32f103-stk/board/board-isrs.cpp"
 20013              		.align	2
 20014              		.thumb
 20015              		.thumb_func
 20017              	_ZL20__gthread_key_deletei:
 20018              	.LFB569:
   1:/opt/toolchains/arm-none-eabi/bin/../lib/gcc/arm-none-eabi/4.5.2/../../../../arm-none-eabi/include/c++/4.5.2/arm-none-eabi/thumb/bits/gthr-single.h **** /* Threads compatibility routines for libgcc2 and libobjc.  */
   2:/opt/toolchains/arm-none-eabi/bin/../lib/gcc/arm-none-eabi/4.5.2/../../../../arm-none-eabi/include/c++/4.5.2/arm-none-eabi/thumb/bits/gthr-single.h **** /* Compile this one with gcc.  */
   3:/opt/toolchains/arm-none-eabi/bin/../lib/gcc/arm-none-eabi/4.5.2/../../../../arm-none-eabi/include/c++/4.5.2/arm-none-eabi/thumb/bits/gthr-single.h **** /* Copyright (C) 1997, 1999, 2000, 2004, 2008, 2009
   4:/opt/toolchains/arm-none-eabi/bin/../lib/gcc/arm-none-eabi/4.5.2/../../../../arm-none-eabi/include/c++/4.5.2/arm-none-eabi/thumb/bits/gthr-single.h ****    Free Software Foundation, Inc.
   5:/opt/toolchains/arm-none-eabi/bin/../lib/gcc/arm-none-eabi/4.5.2/../../../../arm-none-eabi/include/c++/4.5.2/arm-none-eabi/thumb/bits/gthr-single.h **** 
   6:/opt/toolchains/arm-none-eabi/bin/../lib/gcc/arm-none-eabi/4.5.2/../../../../arm-none-eabi/include/c++/4.5.2/arm-none-eabi/thumb/bits/gthr-single.h **** This file is part of GCC.
   7:/opt/toolchains/arm-none-eabi/bin/../lib/gcc/arm-none-eabi/4.5.2/../../../../arm-none-eabi/include/c++/4.5.2/arm-none-eabi/thumb/bits/gthr-single.h **** 
   8:/opt/toolchains/arm-none-eabi/bin/../lib/gcc/arm-none-eabi/4.5.2/../../../../arm-none-eabi/include/c++/4.5.2/arm-none-eabi/thumb/bits/gthr-single.h **** GCC is free software; you can redistribute it and/or modify it under
   9:/opt/toolchains/arm-none-eabi/bin/../lib/gcc/arm-none-eabi/4.5.2/../../../../arm-none-eabi/include/c++/4.5.2/arm-none-eabi/thumb/bits/gthr-single.h **** the terms of the GNU General Public License as published by the Free
  10:/opt/toolchains/arm-none-eabi/bin/../lib/gcc/arm-none-eabi/4.5.2/../../../../arm-none-eabi/include/c++/4.5.2/arm-none-eabi/thumb/bits/gthr-single.h **** Software Foundation; either version 3, or (at your option) any later
  11:/opt/toolchains/arm-none-eabi/bin/../lib/gcc/arm-none-eabi/4.5.2/../../../../arm-none-eabi/include/c++/4.5.2/arm-none-eabi/thumb/bits/gthr-single.h **** version.
  12:/opt/toolchains/arm-none-eabi/bin/../lib/gcc/arm-none-eabi/4.5.2/../../../../arm-none-eabi/include/c++/4.5.2/arm-none-eabi/thumb/bits/gthr-single.h **** 
  13:/opt/toolchains/arm-none-eabi/bin/../lib/gcc/arm-none-eabi/4.5.2/../../../../arm-none-eabi/include/c++/4.5.2/arm-none-eabi/thumb/bits/gthr-single.h **** GCC is distributed in the hope that it will be useful, but WITHOUT ANY
  14:/opt/toolchains/arm-none-eabi/bin/../lib/gcc/arm-none-eabi/4.5.2/../../../../arm-none-eabi/include/c++/4.5.2/arm-none-eabi/thumb/bits/gthr-single.h **** WARRANTY; without even the implied warranty of MERCHANTABILITY or
  15:/opt/toolchains/arm-none-eabi/bin/../lib/gcc/arm-none-eabi/4.5.2/../../../../arm-none-eabi/include/c++/4.5.2/arm-none-eabi/thumb/bits/gthr-single.h **** FITNESS FOR A PARTICULAR PURPOSE.  See the GNU General Public License
  16:/opt/toolchains/arm-none-eabi/bin/../lib/gcc/arm-none-eabi/4.5.2/../../../../arm-none-eabi/include/c++/4.5.2/arm-none-eabi/thumb/bits/gthr-single.h **** for more details.
  17:/opt/toolchains/arm-none-eabi/bin/../lib/gcc/arm-none-eabi/4.5.2/../../../../arm-none-eabi/include/c++/4.5.2/arm-none-eabi/thumb/bits/gthr-single.h **** 
  18:/opt/toolchains/arm-none-eabi/bin/../lib/gcc/arm-none-eabi/4.5.2/../../../../arm-none-eabi/include/c++/4.5.2/arm-none-eabi/thumb/bits/gthr-single.h **** Under Section 7 of GPL version 3, you are granted additional
  19:/opt/toolchains/arm-none-eabi/bin/../lib/gcc/arm-none-eabi/4.5.2/../../../../arm-none-eabi/include/c++/4.5.2/arm-none-eabi/thumb/bits/gthr-single.h **** permissions described in the GCC Runtime Library Exception, version
  20:/opt/toolchains/arm-none-eabi/bin/../lib/gcc/arm-none-eabi/4.5.2/../../../../arm-none-eabi/include/c++/4.5.2/arm-none-eabi/thumb/bits/gthr-single.h **** 3.1, as published by the Free Software Foundation.
  21:/opt/toolchains/arm-none-eabi/bin/../lib/gcc/arm-none-eabi/4.5.2/../../../../arm-none-eabi/include/c++/4.5.2/arm-none-eabi/thumb/bits/gthr-single.h **** 
  22:/opt/toolchains/arm-none-eabi/bin/../lib/gcc/arm-none-eabi/4.5.2/../../../../arm-none-eabi/include/c++/4.5.2/arm-none-eabi/thumb/bits/gthr-single.h **** You should have received a copy of the GNU General Public License and
  23:/opt/toolchains/arm-none-eabi/bin/../lib/gcc/arm-none-eabi/4.5.2/../../../../arm-none-eabi/include/c++/4.5.2/arm-none-eabi/thumb/bits/gthr-single.h **** a copy of the GCC Runtime Library Exception along with this program;
  24:/opt/toolchains/arm-none-eabi/bin/../lib/gcc/arm-none-eabi/4.5.2/../../../../arm-none-eabi/include/c++/4.5.2/arm-none-eabi/thumb/bits/gthr-single.h **** see the files COPYING3 and COPYING.RUNTIME respectively.  If not, see
  25:/opt/toolchains/arm-none-eabi/bin/../lib/gcc/arm-none-eabi/4.5.2/../../../../arm-none-eabi/include/c++/4.5.2/arm-none-eabi/thumb/bits/gthr-single.h **** <http://www.gnu.org/licenses/>.  */
  26:/opt/toolchains/arm-none-eabi/bin/../lib/gcc/arm-none-eabi/4.5.2/../../../../arm-none-eabi/include/c++/4.5.2/arm-none-eabi/thumb/bits/gthr-single.h **** 
  27:/opt/toolchains/arm-none-eabi/bin/../lib/gcc/arm-none-eabi/4.5.2/../../../../arm-none-eabi/include/c++/4.5.2/arm-none-eabi/thumb/bits/gthr-single.h **** #ifndef _GLIBCXX_GCC_GTHR_SINGLE_H
  28:/opt/toolchains/arm-none-eabi/bin/../lib/gcc/arm-none-eabi/4.5.2/../../../../arm-none-eabi/include/c++/4.5.2/arm-none-eabi/thumb/bits/gthr-single.h **** #define _GLIBCXX_GCC_GTHR_SINGLE_H
  29:/opt/toolchains/arm-none-eabi/bin/../lib/gcc/arm-none-eabi/4.5.2/../../../../arm-none-eabi/include/c++/4.5.2/arm-none-eabi/thumb/bits/gthr-single.h **** 
  30:/opt/toolchains/arm-none-eabi/bin/../lib/gcc/arm-none-eabi/4.5.2/../../../../arm-none-eabi/include/c++/4.5.2/arm-none-eabi/thumb/bits/gthr-single.h **** /* Just provide compatibility for mutex handling.  */
  31:/opt/toolchains/arm-none-eabi/bin/../lib/gcc/arm-none-eabi/4.5.2/../../../../arm-none-eabi/include/c++/4.5.2/arm-none-eabi/thumb/bits/gthr-single.h **** 
  32:/opt/toolchains/arm-none-eabi/bin/../lib/gcc/arm-none-eabi/4.5.2/../../../../arm-none-eabi/include/c++/4.5.2/arm-none-eabi/thumb/bits/gthr-single.h **** typedef int __gthread_key_t;
  33:/opt/toolchains/arm-none-eabi/bin/../lib/gcc/arm-none-eabi/4.5.2/../../../../arm-none-eabi/include/c++/4.5.2/arm-none-eabi/thumb/bits/gthr-single.h **** typedef int __gthread_once_t;
  34:/opt/toolchains/arm-none-eabi/bin/../lib/gcc/arm-none-eabi/4.5.2/../../../../arm-none-eabi/include/c++/4.5.2/arm-none-eabi/thumb/bits/gthr-single.h **** typedef int __gthread_mutex_t;
  35:/opt/toolchains/arm-none-eabi/bin/../lib/gcc/arm-none-eabi/4.5.2/../../../../arm-none-eabi/include/c++/4.5.2/arm-none-eabi/thumb/bits/gthr-single.h **** typedef int __gthread_recursive_mutex_t;
  36:/opt/toolchains/arm-none-eabi/bin/../lib/gcc/arm-none-eabi/4.5.2/../../../../arm-none-eabi/include/c++/4.5.2/arm-none-eabi/thumb/bits/gthr-single.h **** 
  37:/opt/toolchains/arm-none-eabi/bin/../lib/gcc/arm-none-eabi/4.5.2/../../../../arm-none-eabi/include/c++/4.5.2/arm-none-eabi/thumb/bits/gthr-single.h **** #define __GTHREAD_ONCE_INIT 0
  38:/opt/toolchains/arm-none-eabi/bin/../lib/gcc/arm-none-eabi/4.5.2/../../../../arm-none-eabi/include/c++/4.5.2/arm-none-eabi/thumb/bits/gthr-single.h **** #define __GTHREAD_MUTEX_INIT 0
  39:/opt/toolchains/arm-none-eabi/bin/../lib/gcc/arm-none-eabi/4.5.2/../../../../arm-none-eabi/include/c++/4.5.2/arm-none-eabi/thumb/bits/gthr-single.h **** #define __GTHREAD_RECURSIVE_MUTEX_INIT 0
  40:/opt/toolchains/arm-none-eabi/bin/../lib/gcc/arm-none-eabi/4.5.2/../../../../arm-none-eabi/include/c++/4.5.2/arm-none-eabi/thumb/bits/gthr-single.h **** 
  41:/opt/toolchains/arm-none-eabi/bin/../lib/gcc/arm-none-eabi/4.5.2/../../../../arm-none-eabi/include/c++/4.5.2/arm-none-eabi/thumb/bits/gthr-single.h **** #define _GLIBCXX_UNUSED __attribute__((unused))
  42:/opt/toolchains/arm-none-eabi/bin/../lib/gcc/arm-none-eabi/4.5.2/../../../../arm-none-eabi/include/c++/4.5.2/arm-none-eabi/thumb/bits/gthr-single.h **** 
  43:/opt/toolchains/arm-none-eabi/bin/../lib/gcc/arm-none-eabi/4.5.2/../../../../arm-none-eabi/include/c++/4.5.2/arm-none-eabi/thumb/bits/gthr-single.h **** #ifdef _LIBOBJC
  44:/opt/toolchains/arm-none-eabi/bin/../lib/gcc/arm-none-eabi/4.5.2/../../../../arm-none-eabi/include/c++/4.5.2/arm-none-eabi/thumb/bits/gthr-single.h **** 
  45:/opt/toolchains/arm-none-eabi/bin/../lib/gcc/arm-none-eabi/4.5.2/../../../../arm-none-eabi/include/c++/4.5.2/arm-none-eabi/thumb/bits/gthr-single.h **** /* Thread local storage for a single thread */
  46:/opt/toolchains/arm-none-eabi/bin/../lib/gcc/arm-none-eabi/4.5.2/../../../../arm-none-eabi/include/c++/4.5.2/arm-none-eabi/thumb/bits/gthr-single.h **** static void *thread_local_storage = NULL;
  47:/opt/toolchains/arm-none-eabi/bin/../lib/gcc/arm-none-eabi/4.5.2/../../../../arm-none-eabi/include/c++/4.5.2/arm-none-eabi/thumb/bits/gthr-single.h **** 
  48:/opt/toolchains/arm-none-eabi/bin/../lib/gcc/arm-none-eabi/4.5.2/../../../../arm-none-eabi/include/c++/4.5.2/arm-none-eabi/thumb/bits/gthr-single.h **** /* Backend initialization functions */
  49:/opt/toolchains/arm-none-eabi/bin/../lib/gcc/arm-none-eabi/4.5.2/../../../../arm-none-eabi/include/c++/4.5.2/arm-none-eabi/thumb/bits/gthr-single.h **** 
  50:/opt/toolchains/arm-none-eabi/bin/../lib/gcc/arm-none-eabi/4.5.2/../../../../arm-none-eabi/include/c++/4.5.2/arm-none-eabi/thumb/bits/gthr-single.h **** /* Initialize the threads subsystem.  */
  51:/opt/toolchains/arm-none-eabi/bin/../lib/gcc/arm-none-eabi/4.5.2/../../../../arm-none-eabi/include/c++/4.5.2/arm-none-eabi/thumb/bits/gthr-single.h **** static inline int
  52:/opt/toolchains/arm-none-eabi/bin/../lib/gcc/arm-none-eabi/4.5.2/../../../../arm-none-eabi/include/c++/4.5.2/arm-none-eabi/thumb/bits/gthr-single.h **** __gthread_objc_init_thread_system (void)
  53:/opt/toolchains/arm-none-eabi/bin/../lib/gcc/arm-none-eabi/4.5.2/../../../../arm-none-eabi/include/c++/4.5.2/arm-none-eabi/thumb/bits/gthr-single.h **** {
  54:/opt/toolchains/arm-none-eabi/bin/../lib/gcc/arm-none-eabi/4.5.2/../../../../arm-none-eabi/include/c++/4.5.2/arm-none-eabi/thumb/bits/gthr-single.h ****   /* No thread support available */
  55:/opt/toolchains/arm-none-eabi/bin/../lib/gcc/arm-none-eabi/4.5.2/../../../../arm-none-eabi/include/c++/4.5.2/arm-none-eabi/thumb/bits/gthr-single.h ****   return -1;
  56:/opt/toolchains/arm-none-eabi/bin/../lib/gcc/arm-none-eabi/4.5.2/../../../../arm-none-eabi/include/c++/4.5.2/arm-none-eabi/thumb/bits/gthr-single.h **** }
  57:/opt/toolchains/arm-none-eabi/bin/../lib/gcc/arm-none-eabi/4.5.2/../../../../arm-none-eabi/include/c++/4.5.2/arm-none-eabi/thumb/bits/gthr-single.h **** 
  58:/opt/toolchains/arm-none-eabi/bin/../lib/gcc/arm-none-eabi/4.5.2/../../../../arm-none-eabi/include/c++/4.5.2/arm-none-eabi/thumb/bits/gthr-single.h **** /* Close the threads subsystem.  */
  59:/opt/toolchains/arm-none-eabi/bin/../lib/gcc/arm-none-eabi/4.5.2/../../../../arm-none-eabi/include/c++/4.5.2/arm-none-eabi/thumb/bits/gthr-single.h **** static inline int
  60:/opt/toolchains/arm-none-eabi/bin/../lib/gcc/arm-none-eabi/4.5.2/../../../../arm-none-eabi/include/c++/4.5.2/arm-none-eabi/thumb/bits/gthr-single.h **** __gthread_objc_close_thread_system (void)
  61:/opt/toolchains/arm-none-eabi/bin/../lib/gcc/arm-none-eabi/4.5.2/../../../../arm-none-eabi/include/c++/4.5.2/arm-none-eabi/thumb/bits/gthr-single.h **** {
  62:/opt/toolchains/arm-none-eabi/bin/../lib/gcc/arm-none-eabi/4.5.2/../../../../arm-none-eabi/include/c++/4.5.2/arm-none-eabi/thumb/bits/gthr-single.h ****   /* No thread support available */
  63:/opt/toolchains/arm-none-eabi/bin/../lib/gcc/arm-none-eabi/4.5.2/../../../../arm-none-eabi/include/c++/4.5.2/arm-none-eabi/thumb/bits/gthr-single.h ****   return -1;
  64:/opt/toolchains/arm-none-eabi/bin/../lib/gcc/arm-none-eabi/4.5.2/../../../../arm-none-eabi/include/c++/4.5.2/arm-none-eabi/thumb/bits/gthr-single.h **** }
  65:/opt/toolchains/arm-none-eabi/bin/../lib/gcc/arm-none-eabi/4.5.2/../../../../arm-none-eabi/include/c++/4.5.2/arm-none-eabi/thumb/bits/gthr-single.h **** 
  66:/opt/toolchains/arm-none-eabi/bin/../lib/gcc/arm-none-eabi/4.5.2/../../../../arm-none-eabi/include/c++/4.5.2/arm-none-eabi/thumb/bits/gthr-single.h **** /* Backend thread functions */
  67:/opt/toolchains/arm-none-eabi/bin/../lib/gcc/arm-none-eabi/4.5.2/../../../../arm-none-eabi/include/c++/4.5.2/arm-none-eabi/thumb/bits/gthr-single.h **** 
  68:/opt/toolchains/arm-none-eabi/bin/../lib/gcc/arm-none-eabi/4.5.2/../../../../arm-none-eabi/include/c++/4.5.2/arm-none-eabi/thumb/bits/gthr-single.h **** /* Create a new thread of execution.  */
  69:/opt/toolchains/arm-none-eabi/bin/../lib/gcc/arm-none-eabi/4.5.2/../../../../arm-none-eabi/include/c++/4.5.2/arm-none-eabi/thumb/bits/gthr-single.h **** static inline objc_thread_t
  70:/opt/toolchains/arm-none-eabi/bin/../lib/gcc/arm-none-eabi/4.5.2/../../../../arm-none-eabi/include/c++/4.5.2/arm-none-eabi/thumb/bits/gthr-single.h **** __gthread_objc_thread_detach (void (* func)(void *), void * arg _GLIBCXX_UNUSED)
  71:/opt/toolchains/arm-none-eabi/bin/../lib/gcc/arm-none-eabi/4.5.2/../../../../arm-none-eabi/include/c++/4.5.2/arm-none-eabi/thumb/bits/gthr-single.h **** {
  72:/opt/toolchains/arm-none-eabi/bin/../lib/gcc/arm-none-eabi/4.5.2/../../../../arm-none-eabi/include/c++/4.5.2/arm-none-eabi/thumb/bits/gthr-single.h ****   /* No thread support available */
  73:/opt/toolchains/arm-none-eabi/bin/../lib/gcc/arm-none-eabi/4.5.2/../../../../arm-none-eabi/include/c++/4.5.2/arm-none-eabi/thumb/bits/gthr-single.h ****   return NULL;
  74:/opt/toolchains/arm-none-eabi/bin/../lib/gcc/arm-none-eabi/4.5.2/../../../../arm-none-eabi/include/c++/4.5.2/arm-none-eabi/thumb/bits/gthr-single.h **** }
  75:/opt/toolchains/arm-none-eabi/bin/../lib/gcc/arm-none-eabi/4.5.2/../../../../arm-none-eabi/include/c++/4.5.2/arm-none-eabi/thumb/bits/gthr-single.h **** 
  76:/opt/toolchains/arm-none-eabi/bin/../lib/gcc/arm-none-eabi/4.5.2/../../../../arm-none-eabi/include/c++/4.5.2/arm-none-eabi/thumb/bits/gthr-single.h **** /* Set the current thread's priority.  */
  77:/opt/toolchains/arm-none-eabi/bin/../lib/gcc/arm-none-eabi/4.5.2/../../../../arm-none-eabi/include/c++/4.5.2/arm-none-eabi/thumb/bits/gthr-single.h **** static inline int
  78:/opt/toolchains/arm-none-eabi/bin/../lib/gcc/arm-none-eabi/4.5.2/../../../../arm-none-eabi/include/c++/4.5.2/arm-none-eabi/thumb/bits/gthr-single.h **** __gthread_objc_thread_set_priority (int priority _GLIBCXX_UNUSED)
  79:/opt/toolchains/arm-none-eabi/bin/../lib/gcc/arm-none-eabi/4.5.2/../../../../arm-none-eabi/include/c++/4.5.2/arm-none-eabi/thumb/bits/gthr-single.h **** {
  80:/opt/toolchains/arm-none-eabi/bin/../lib/gcc/arm-none-eabi/4.5.2/../../../../arm-none-eabi/include/c++/4.5.2/arm-none-eabi/thumb/bits/gthr-single.h ****   /* No thread support available */
  81:/opt/toolchains/arm-none-eabi/bin/../lib/gcc/arm-none-eabi/4.5.2/../../../../arm-none-eabi/include/c++/4.5.2/arm-none-eabi/thumb/bits/gthr-single.h ****   return -1;
  82:/opt/toolchains/arm-none-eabi/bin/../lib/gcc/arm-none-eabi/4.5.2/../../../../arm-none-eabi/include/c++/4.5.2/arm-none-eabi/thumb/bits/gthr-single.h **** }
  83:/opt/toolchains/arm-none-eabi/bin/../lib/gcc/arm-none-eabi/4.5.2/../../../../arm-none-eabi/include/c++/4.5.2/arm-none-eabi/thumb/bits/gthr-single.h **** 
  84:/opt/toolchains/arm-none-eabi/bin/../lib/gcc/arm-none-eabi/4.5.2/../../../../arm-none-eabi/include/c++/4.5.2/arm-none-eabi/thumb/bits/gthr-single.h **** /* Return the current thread's priority.  */
  85:/opt/toolchains/arm-none-eabi/bin/../lib/gcc/arm-none-eabi/4.5.2/../../../../arm-none-eabi/include/c++/4.5.2/arm-none-eabi/thumb/bits/gthr-single.h **** static inline int
  86:/opt/toolchains/arm-none-eabi/bin/../lib/gcc/arm-none-eabi/4.5.2/../../../../arm-none-eabi/include/c++/4.5.2/arm-none-eabi/thumb/bits/gthr-single.h **** __gthread_objc_thread_get_priority (void)
  87:/opt/toolchains/arm-none-eabi/bin/../lib/gcc/arm-none-eabi/4.5.2/../../../../arm-none-eabi/include/c++/4.5.2/arm-none-eabi/thumb/bits/gthr-single.h **** {
  88:/opt/toolchains/arm-none-eabi/bin/../lib/gcc/arm-none-eabi/4.5.2/../../../../arm-none-eabi/include/c++/4.5.2/arm-none-eabi/thumb/bits/gthr-single.h ****   return OBJC_THREAD_INTERACTIVE_PRIORITY;
  89:/opt/toolchains/arm-none-eabi/bin/../lib/gcc/arm-none-eabi/4.5.2/../../../../arm-none-eabi/include/c++/4.5.2/arm-none-eabi/thumb/bits/gthr-single.h **** }
  90:/opt/toolchains/arm-none-eabi/bin/../lib/gcc/arm-none-eabi/4.5.2/../../../../arm-none-eabi/include/c++/4.5.2/arm-none-eabi/thumb/bits/gthr-single.h **** 
  91:/opt/toolchains/arm-none-eabi/bin/../lib/gcc/arm-none-eabi/4.5.2/../../../../arm-none-eabi/include/c++/4.5.2/arm-none-eabi/thumb/bits/gthr-single.h **** /* Yield our process time to another thread.  */
  92:/opt/toolchains/arm-none-eabi/bin/../lib/gcc/arm-none-eabi/4.5.2/../../../../arm-none-eabi/include/c++/4.5.2/arm-none-eabi/thumb/bits/gthr-single.h **** static inline void
  93:/opt/toolchains/arm-none-eabi/bin/../lib/gcc/arm-none-eabi/4.5.2/../../../../arm-none-eabi/include/c++/4.5.2/arm-none-eabi/thumb/bits/gthr-single.h **** __gthread_objc_thread_yield (void)
  94:/opt/toolchains/arm-none-eabi/bin/../lib/gcc/arm-none-eabi/4.5.2/../../../../arm-none-eabi/include/c++/4.5.2/arm-none-eabi/thumb/bits/gthr-single.h **** {
  95:/opt/toolchains/arm-none-eabi/bin/../lib/gcc/arm-none-eabi/4.5.2/../../../../arm-none-eabi/include/c++/4.5.2/arm-none-eabi/thumb/bits/gthr-single.h ****   return;
  96:/opt/toolchains/arm-none-eabi/bin/../lib/gcc/arm-none-eabi/4.5.2/../../../../arm-none-eabi/include/c++/4.5.2/arm-none-eabi/thumb/bits/gthr-single.h **** }
  97:/opt/toolchains/arm-none-eabi/bin/../lib/gcc/arm-none-eabi/4.5.2/../../../../arm-none-eabi/include/c++/4.5.2/arm-none-eabi/thumb/bits/gthr-single.h **** 
  98:/opt/toolchains/arm-none-eabi/bin/../lib/gcc/arm-none-eabi/4.5.2/../../../../arm-none-eabi/include/c++/4.5.2/arm-none-eabi/thumb/bits/gthr-single.h **** /* Terminate the current thread.  */
  99:/opt/toolchains/arm-none-eabi/bin/../lib/gcc/arm-none-eabi/4.5.2/../../../../arm-none-eabi/include/c++/4.5.2/arm-none-eabi/thumb/bits/gthr-single.h **** static inline int
 100:/opt/toolchains/arm-none-eabi/bin/../lib/gcc/arm-none-eabi/4.5.2/../../../../arm-none-eabi/include/c++/4.5.2/arm-none-eabi/thumb/bits/gthr-single.h **** __gthread_objc_thread_exit (void)
 101:/opt/toolchains/arm-none-eabi/bin/../lib/gcc/arm-none-eabi/4.5.2/../../../../arm-none-eabi/include/c++/4.5.2/arm-none-eabi/thumb/bits/gthr-single.h **** {
 102:/opt/toolchains/arm-none-eabi/bin/../lib/gcc/arm-none-eabi/4.5.2/../../../../arm-none-eabi/include/c++/4.5.2/arm-none-eabi/thumb/bits/gthr-single.h ****   /* No thread support available */
 103:/opt/toolchains/arm-none-eabi/bin/../lib/gcc/arm-none-eabi/4.5.2/../../../../arm-none-eabi/include/c++/4.5.2/arm-none-eabi/thumb/bits/gthr-single.h ****   /* Should we really exit the program */
 104:/opt/toolchains/arm-none-eabi/bin/../lib/gcc/arm-none-eabi/4.5.2/../../../../arm-none-eabi/include/c++/4.5.2/arm-none-eabi/thumb/bits/gthr-single.h ****   /* exit (&__objc_thread_exit_status); */
 105:/opt/toolchains/arm-none-eabi/bin/../lib/gcc/arm-none-eabi/4.5.2/../../../../arm-none-eabi/include/c++/4.5.2/arm-none-eabi/thumb/bits/gthr-single.h ****   return -1;
 106:/opt/toolchains/arm-none-eabi/bin/../lib/gcc/arm-none-eabi/4.5.2/../../../../arm-none-eabi/include/c++/4.5.2/arm-none-eabi/thumb/bits/gthr-single.h **** }
 107:/opt/toolchains/arm-none-eabi/bin/../lib/gcc/arm-none-eabi/4.5.2/../../../../arm-none-eabi/include/c++/4.5.2/arm-none-eabi/thumb/bits/gthr-single.h **** 
 108:/opt/toolchains/arm-none-eabi/bin/../lib/gcc/arm-none-eabi/4.5.2/../../../../arm-none-eabi/include/c++/4.5.2/arm-none-eabi/thumb/bits/gthr-single.h **** /* Returns an integer value which uniquely describes a thread.  */
 109:/opt/toolchains/arm-none-eabi/bin/../lib/gcc/arm-none-eabi/4.5.2/../../../../arm-none-eabi/include/c++/4.5.2/arm-none-eabi/thumb/bits/gthr-single.h **** static inline objc_thread_t
 110:/opt/toolchains/arm-none-eabi/bin/../lib/gcc/arm-none-eabi/4.5.2/../../../../arm-none-eabi/include/c++/4.5.2/arm-none-eabi/thumb/bits/gthr-single.h **** __gthread_objc_thread_id (void)
 111:/opt/toolchains/arm-none-eabi/bin/../lib/gcc/arm-none-eabi/4.5.2/../../../../arm-none-eabi/include/c++/4.5.2/arm-none-eabi/thumb/bits/gthr-single.h **** {
 112:/opt/toolchains/arm-none-eabi/bin/../lib/gcc/arm-none-eabi/4.5.2/../../../../arm-none-eabi/include/c++/4.5.2/arm-none-eabi/thumb/bits/gthr-single.h ****   /* No thread support, use 1.  */
 113:/opt/toolchains/arm-none-eabi/bin/../lib/gcc/arm-none-eabi/4.5.2/../../../../arm-none-eabi/include/c++/4.5.2/arm-none-eabi/thumb/bits/gthr-single.h ****   return (objc_thread_t) 1;
 114:/opt/toolchains/arm-none-eabi/bin/../lib/gcc/arm-none-eabi/4.5.2/../../../../arm-none-eabi/include/c++/4.5.2/arm-none-eabi/thumb/bits/gthr-single.h **** }
 115:/opt/toolchains/arm-none-eabi/bin/../lib/gcc/arm-none-eabi/4.5.2/../../../../arm-none-eabi/include/c++/4.5.2/arm-none-eabi/thumb/bits/gthr-single.h **** 
 116:/opt/toolchains/arm-none-eabi/bin/../lib/gcc/arm-none-eabi/4.5.2/../../../../arm-none-eabi/include/c++/4.5.2/arm-none-eabi/thumb/bits/gthr-single.h **** /* Sets the thread's local storage pointer.  */
 117:/opt/toolchains/arm-none-eabi/bin/../lib/gcc/arm-none-eabi/4.5.2/../../../../arm-none-eabi/include/c++/4.5.2/arm-none-eabi/thumb/bits/gthr-single.h **** static inline int
 118:/opt/toolchains/arm-none-eabi/bin/../lib/gcc/arm-none-eabi/4.5.2/../../../../arm-none-eabi/include/c++/4.5.2/arm-none-eabi/thumb/bits/gthr-single.h **** __gthread_objc_thread_set_data (void *value)
 119:/opt/toolchains/arm-none-eabi/bin/../lib/gcc/arm-none-eabi/4.5.2/../../../../arm-none-eabi/include/c++/4.5.2/arm-none-eabi/thumb/bits/gthr-single.h **** {
 120:/opt/toolchains/arm-none-eabi/bin/../lib/gcc/arm-none-eabi/4.5.2/../../../../arm-none-eabi/include/c++/4.5.2/arm-none-eabi/thumb/bits/gthr-single.h ****   thread_local_storage = value;
 121:/opt/toolchains/arm-none-eabi/bin/../lib/gcc/arm-none-eabi/4.5.2/../../../../arm-none-eabi/include/c++/4.5.2/arm-none-eabi/thumb/bits/gthr-single.h ****   return 0;
 122:/opt/toolchains/arm-none-eabi/bin/../lib/gcc/arm-none-eabi/4.5.2/../../../../arm-none-eabi/include/c++/4.5.2/arm-none-eabi/thumb/bits/gthr-single.h **** }
 123:/opt/toolchains/arm-none-eabi/bin/../lib/gcc/arm-none-eabi/4.5.2/../../../../arm-none-eabi/include/c++/4.5.2/arm-none-eabi/thumb/bits/gthr-single.h **** 
 124:/opt/toolchains/arm-none-eabi/bin/../lib/gcc/arm-none-eabi/4.5.2/../../../../arm-none-eabi/include/c++/4.5.2/arm-none-eabi/thumb/bits/gthr-single.h **** /* Returns the thread's local storage pointer.  */
 125:/opt/toolchains/arm-none-eabi/bin/../lib/gcc/arm-none-eabi/4.5.2/../../../../arm-none-eabi/include/c++/4.5.2/arm-none-eabi/thumb/bits/gthr-single.h **** static inline void *
 126:/opt/toolchains/arm-none-eabi/bin/../lib/gcc/arm-none-eabi/4.5.2/../../../../arm-none-eabi/include/c++/4.5.2/arm-none-eabi/thumb/bits/gthr-single.h **** __gthread_objc_thread_get_data (void)
 127:/opt/toolchains/arm-none-eabi/bin/../lib/gcc/arm-none-eabi/4.5.2/../../../../arm-none-eabi/include/c++/4.5.2/arm-none-eabi/thumb/bits/gthr-single.h **** {
 128:/opt/toolchains/arm-none-eabi/bin/../lib/gcc/arm-none-eabi/4.5.2/../../../../arm-none-eabi/include/c++/4.5.2/arm-none-eabi/thumb/bits/gthr-single.h ****   return thread_local_storage;
 129:/opt/toolchains/arm-none-eabi/bin/../lib/gcc/arm-none-eabi/4.5.2/../../../../arm-none-eabi/include/c++/4.5.2/arm-none-eabi/thumb/bits/gthr-single.h **** }
 130:/opt/toolchains/arm-none-eabi/bin/../lib/gcc/arm-none-eabi/4.5.2/../../../../arm-none-eabi/include/c++/4.5.2/arm-none-eabi/thumb/bits/gthr-single.h **** 
 131:/opt/toolchains/arm-none-eabi/bin/../lib/gcc/arm-none-eabi/4.5.2/../../../../arm-none-eabi/include/c++/4.5.2/arm-none-eabi/thumb/bits/gthr-single.h **** /* Backend mutex functions */
 132:/opt/toolchains/arm-none-eabi/bin/../lib/gcc/arm-none-eabi/4.5.2/../../../../arm-none-eabi/include/c++/4.5.2/arm-none-eabi/thumb/bits/gthr-single.h **** 
 133:/opt/toolchains/arm-none-eabi/bin/../lib/gcc/arm-none-eabi/4.5.2/../../../../arm-none-eabi/include/c++/4.5.2/arm-none-eabi/thumb/bits/gthr-single.h **** /* Allocate a mutex.  */
 134:/opt/toolchains/arm-none-eabi/bin/../lib/gcc/arm-none-eabi/4.5.2/../../../../arm-none-eabi/include/c++/4.5.2/arm-none-eabi/thumb/bits/gthr-single.h **** static inline int
 135:/opt/toolchains/arm-none-eabi/bin/../lib/gcc/arm-none-eabi/4.5.2/../../../../arm-none-eabi/include/c++/4.5.2/arm-none-eabi/thumb/bits/gthr-single.h **** __gthread_objc_mutex_allocate (objc_mutex_t mutex _GLIBCXX_UNUSED)
 136:/opt/toolchains/arm-none-eabi/bin/../lib/gcc/arm-none-eabi/4.5.2/../../../../arm-none-eabi/include/c++/4.5.2/arm-none-eabi/thumb/bits/gthr-single.h **** {
 137:/opt/toolchains/arm-none-eabi/bin/../lib/gcc/arm-none-eabi/4.5.2/../../../../arm-none-eabi/include/c++/4.5.2/arm-none-eabi/thumb/bits/gthr-single.h ****   return 0;
 138:/opt/toolchains/arm-none-eabi/bin/../lib/gcc/arm-none-eabi/4.5.2/../../../../arm-none-eabi/include/c++/4.5.2/arm-none-eabi/thumb/bits/gthr-single.h **** }
 139:/opt/toolchains/arm-none-eabi/bin/../lib/gcc/arm-none-eabi/4.5.2/../../../../arm-none-eabi/include/c++/4.5.2/arm-none-eabi/thumb/bits/gthr-single.h **** 
 140:/opt/toolchains/arm-none-eabi/bin/../lib/gcc/arm-none-eabi/4.5.2/../../../../arm-none-eabi/include/c++/4.5.2/arm-none-eabi/thumb/bits/gthr-single.h **** /* Deallocate a mutex.  */
 141:/opt/toolchains/arm-none-eabi/bin/../lib/gcc/arm-none-eabi/4.5.2/../../../../arm-none-eabi/include/c++/4.5.2/arm-none-eabi/thumb/bits/gthr-single.h **** static inline int
 142:/opt/toolchains/arm-none-eabi/bin/../lib/gcc/arm-none-eabi/4.5.2/../../../../arm-none-eabi/include/c++/4.5.2/arm-none-eabi/thumb/bits/gthr-single.h **** __gthread_objc_mutex_deallocate (objc_mutex_t mutex _GLIBCXX_UNUSED)
 143:/opt/toolchains/arm-none-eabi/bin/../lib/gcc/arm-none-eabi/4.5.2/../../../../arm-none-eabi/include/c++/4.5.2/arm-none-eabi/thumb/bits/gthr-single.h **** {
 144:/opt/toolchains/arm-none-eabi/bin/../lib/gcc/arm-none-eabi/4.5.2/../../../../arm-none-eabi/include/c++/4.5.2/arm-none-eabi/thumb/bits/gthr-single.h ****   return 0;
 145:/opt/toolchains/arm-none-eabi/bin/../lib/gcc/arm-none-eabi/4.5.2/../../../../arm-none-eabi/include/c++/4.5.2/arm-none-eabi/thumb/bits/gthr-single.h **** }
 146:/opt/toolchains/arm-none-eabi/bin/../lib/gcc/arm-none-eabi/4.5.2/../../../../arm-none-eabi/include/c++/4.5.2/arm-none-eabi/thumb/bits/gthr-single.h **** 
 147:/opt/toolchains/arm-none-eabi/bin/../lib/gcc/arm-none-eabi/4.5.2/../../../../arm-none-eabi/include/c++/4.5.2/arm-none-eabi/thumb/bits/gthr-single.h **** /* Grab a lock on a mutex.  */
 148:/opt/toolchains/arm-none-eabi/bin/../lib/gcc/arm-none-eabi/4.5.2/../../../../arm-none-eabi/include/c++/4.5.2/arm-none-eabi/thumb/bits/gthr-single.h **** static inline int
 149:/opt/toolchains/arm-none-eabi/bin/../lib/gcc/arm-none-eabi/4.5.2/../../../../arm-none-eabi/include/c++/4.5.2/arm-none-eabi/thumb/bits/gthr-single.h **** __gthread_objc_mutex_lock (objc_mutex_t mutex _GLIBCXX_UNUSED)
 150:/opt/toolchains/arm-none-eabi/bin/../lib/gcc/arm-none-eabi/4.5.2/../../../../arm-none-eabi/include/c++/4.5.2/arm-none-eabi/thumb/bits/gthr-single.h **** {
 151:/opt/toolchains/arm-none-eabi/bin/../lib/gcc/arm-none-eabi/4.5.2/../../../../arm-none-eabi/include/c++/4.5.2/arm-none-eabi/thumb/bits/gthr-single.h ****   /* There can only be one thread, so we always get the lock */
 152:/opt/toolchains/arm-none-eabi/bin/../lib/gcc/arm-none-eabi/4.5.2/../../../../arm-none-eabi/include/c++/4.5.2/arm-none-eabi/thumb/bits/gthr-single.h ****   return 0;
 153:/opt/toolchains/arm-none-eabi/bin/../lib/gcc/arm-none-eabi/4.5.2/../../../../arm-none-eabi/include/c++/4.5.2/arm-none-eabi/thumb/bits/gthr-single.h **** }
 154:/opt/toolchains/arm-none-eabi/bin/../lib/gcc/arm-none-eabi/4.5.2/../../../../arm-none-eabi/include/c++/4.5.2/arm-none-eabi/thumb/bits/gthr-single.h **** 
 155:/opt/toolchains/arm-none-eabi/bin/../lib/gcc/arm-none-eabi/4.5.2/../../../../arm-none-eabi/include/c++/4.5.2/arm-none-eabi/thumb/bits/gthr-single.h **** /* Try to grab a lock on a mutex.  */
 156:/opt/toolchains/arm-none-eabi/bin/../lib/gcc/arm-none-eabi/4.5.2/../../../../arm-none-eabi/include/c++/4.5.2/arm-none-eabi/thumb/bits/gthr-single.h **** static inline int
 157:/opt/toolchains/arm-none-eabi/bin/../lib/gcc/arm-none-eabi/4.5.2/../../../../arm-none-eabi/include/c++/4.5.2/arm-none-eabi/thumb/bits/gthr-single.h **** __gthread_objc_mutex_trylock (objc_mutex_t mutex _GLIBCXX_UNUSED)
 158:/opt/toolchains/arm-none-eabi/bin/../lib/gcc/arm-none-eabi/4.5.2/../../../../arm-none-eabi/include/c++/4.5.2/arm-none-eabi/thumb/bits/gthr-single.h **** {
 159:/opt/toolchains/arm-none-eabi/bin/../lib/gcc/arm-none-eabi/4.5.2/../../../../arm-none-eabi/include/c++/4.5.2/arm-none-eabi/thumb/bits/gthr-single.h ****   /* There can only be one thread, so we always get the lock */
 160:/opt/toolchains/arm-none-eabi/bin/../lib/gcc/arm-none-eabi/4.5.2/../../../../arm-none-eabi/include/c++/4.5.2/arm-none-eabi/thumb/bits/gthr-single.h ****   return 0;
 161:/opt/toolchains/arm-none-eabi/bin/../lib/gcc/arm-none-eabi/4.5.2/../../../../arm-none-eabi/include/c++/4.5.2/arm-none-eabi/thumb/bits/gthr-single.h **** }
 162:/opt/toolchains/arm-none-eabi/bin/../lib/gcc/arm-none-eabi/4.5.2/../../../../arm-none-eabi/include/c++/4.5.2/arm-none-eabi/thumb/bits/gthr-single.h **** 
 163:/opt/toolchains/arm-none-eabi/bin/../lib/gcc/arm-none-eabi/4.5.2/../../../../arm-none-eabi/include/c++/4.5.2/arm-none-eabi/thumb/bits/gthr-single.h **** /* Unlock the mutex */
 164:/opt/toolchains/arm-none-eabi/bin/../lib/gcc/arm-none-eabi/4.5.2/../../../../arm-none-eabi/include/c++/4.5.2/arm-none-eabi/thumb/bits/gthr-single.h **** static inline int
 165:/opt/toolchains/arm-none-eabi/bin/../lib/gcc/arm-none-eabi/4.5.2/../../../../arm-none-eabi/include/c++/4.5.2/arm-none-eabi/thumb/bits/gthr-single.h **** __gthread_objc_mutex_unlock (objc_mutex_t mutex _GLIBCXX_UNUSED)
 166:/opt/toolchains/arm-none-eabi/bin/../lib/gcc/arm-none-eabi/4.5.2/../../../../arm-none-eabi/include/c++/4.5.2/arm-none-eabi/thumb/bits/gthr-single.h **** {
 167:/opt/toolchains/arm-none-eabi/bin/../lib/gcc/arm-none-eabi/4.5.2/../../../../arm-none-eabi/include/c++/4.5.2/arm-none-eabi/thumb/bits/gthr-single.h ****   return 0;
 168:/opt/toolchains/arm-none-eabi/bin/../lib/gcc/arm-none-eabi/4.5.2/../../../../arm-none-eabi/include/c++/4.5.2/arm-none-eabi/thumb/bits/gthr-single.h **** }
 169:/opt/toolchains/arm-none-eabi/bin/../lib/gcc/arm-none-eabi/4.5.2/../../../../arm-none-eabi/include/c++/4.5.2/arm-none-eabi/thumb/bits/gthr-single.h **** 
 170:/opt/toolchains/arm-none-eabi/bin/../lib/gcc/arm-none-eabi/4.5.2/../../../../arm-none-eabi/include/c++/4.5.2/arm-none-eabi/thumb/bits/gthr-single.h **** /* Backend condition mutex functions */
 171:/opt/toolchains/arm-none-eabi/bin/../lib/gcc/arm-none-eabi/4.5.2/../../../../arm-none-eabi/include/c++/4.5.2/arm-none-eabi/thumb/bits/gthr-single.h **** 
 172:/opt/toolchains/arm-none-eabi/bin/../lib/gcc/arm-none-eabi/4.5.2/../../../../arm-none-eabi/include/c++/4.5.2/arm-none-eabi/thumb/bits/gthr-single.h **** /* Allocate a condition.  */
 173:/opt/toolchains/arm-none-eabi/bin/../lib/gcc/arm-none-eabi/4.5.2/../../../../arm-none-eabi/include/c++/4.5.2/arm-none-eabi/thumb/bits/gthr-single.h **** static inline int
 174:/opt/toolchains/arm-none-eabi/bin/../lib/gcc/arm-none-eabi/4.5.2/../../../../arm-none-eabi/include/c++/4.5.2/arm-none-eabi/thumb/bits/gthr-single.h **** __gthread_objc_condition_allocate (objc_condition_t condition _GLIBCXX_UNUSED)
 175:/opt/toolchains/arm-none-eabi/bin/../lib/gcc/arm-none-eabi/4.5.2/../../../../arm-none-eabi/include/c++/4.5.2/arm-none-eabi/thumb/bits/gthr-single.h **** {
 176:/opt/toolchains/arm-none-eabi/bin/../lib/gcc/arm-none-eabi/4.5.2/../../../../arm-none-eabi/include/c++/4.5.2/arm-none-eabi/thumb/bits/gthr-single.h ****   return 0;
 177:/opt/toolchains/arm-none-eabi/bin/../lib/gcc/arm-none-eabi/4.5.2/../../../../arm-none-eabi/include/c++/4.5.2/arm-none-eabi/thumb/bits/gthr-single.h **** }
 178:/opt/toolchains/arm-none-eabi/bin/../lib/gcc/arm-none-eabi/4.5.2/../../../../arm-none-eabi/include/c++/4.5.2/arm-none-eabi/thumb/bits/gthr-single.h **** 
 179:/opt/toolchains/arm-none-eabi/bin/../lib/gcc/arm-none-eabi/4.5.2/../../../../arm-none-eabi/include/c++/4.5.2/arm-none-eabi/thumb/bits/gthr-single.h **** /* Deallocate a condition.  */
 180:/opt/toolchains/arm-none-eabi/bin/../lib/gcc/arm-none-eabi/4.5.2/../../../../arm-none-eabi/include/c++/4.5.2/arm-none-eabi/thumb/bits/gthr-single.h **** static inline int
 181:/opt/toolchains/arm-none-eabi/bin/../lib/gcc/arm-none-eabi/4.5.2/../../../../arm-none-eabi/include/c++/4.5.2/arm-none-eabi/thumb/bits/gthr-single.h **** __gthread_objc_condition_deallocate (objc_condition_t condition _GLIBCXX_UNUSED)
 182:/opt/toolchains/arm-none-eabi/bin/../lib/gcc/arm-none-eabi/4.5.2/../../../../arm-none-eabi/include/c++/4.5.2/arm-none-eabi/thumb/bits/gthr-single.h **** {
 183:/opt/toolchains/arm-none-eabi/bin/../lib/gcc/arm-none-eabi/4.5.2/../../../../arm-none-eabi/include/c++/4.5.2/arm-none-eabi/thumb/bits/gthr-single.h ****   return 0;
 184:/opt/toolchains/arm-none-eabi/bin/../lib/gcc/arm-none-eabi/4.5.2/../../../../arm-none-eabi/include/c++/4.5.2/arm-none-eabi/thumb/bits/gthr-single.h **** }
 185:/opt/toolchains/arm-none-eabi/bin/../lib/gcc/arm-none-eabi/4.5.2/../../../../arm-none-eabi/include/c++/4.5.2/arm-none-eabi/thumb/bits/gthr-single.h **** 
 186:/opt/toolchains/arm-none-eabi/bin/../lib/gcc/arm-none-eabi/4.5.2/../../../../arm-none-eabi/include/c++/4.5.2/arm-none-eabi/thumb/bits/gthr-single.h **** /* Wait on the condition */
 187:/opt/toolchains/arm-none-eabi/bin/../lib/gcc/arm-none-eabi/4.5.2/../../../../arm-none-eabi/include/c++/4.5.2/arm-none-eabi/thumb/bits/gthr-single.h **** static inline int
 188:/opt/toolchains/arm-none-eabi/bin/../lib/gcc/arm-none-eabi/4.5.2/../../../../arm-none-eabi/include/c++/4.5.2/arm-none-eabi/thumb/bits/gthr-single.h **** __gthread_objc_condition_wait (objc_condition_t condition _GLIBCXX_UNUSED,
 189:/opt/toolchains/arm-none-eabi/bin/../lib/gcc/arm-none-eabi/4.5.2/../../../../arm-none-eabi/include/c++/4.5.2/arm-none-eabi/thumb/bits/gthr-single.h **** 			       objc_mutex_t mutex _GLIBCXX_UNUSED)
 190:/opt/toolchains/arm-none-eabi/bin/../lib/gcc/arm-none-eabi/4.5.2/../../../../arm-none-eabi/include/c++/4.5.2/arm-none-eabi/thumb/bits/gthr-single.h **** {
 191:/opt/toolchains/arm-none-eabi/bin/../lib/gcc/arm-none-eabi/4.5.2/../../../../arm-none-eabi/include/c++/4.5.2/arm-none-eabi/thumb/bits/gthr-single.h ****   return 0;
 192:/opt/toolchains/arm-none-eabi/bin/../lib/gcc/arm-none-eabi/4.5.2/../../../../arm-none-eabi/include/c++/4.5.2/arm-none-eabi/thumb/bits/gthr-single.h **** }
 193:/opt/toolchains/arm-none-eabi/bin/../lib/gcc/arm-none-eabi/4.5.2/../../../../arm-none-eabi/include/c++/4.5.2/arm-none-eabi/thumb/bits/gthr-single.h **** 
 194:/opt/toolchains/arm-none-eabi/bin/../lib/gcc/arm-none-eabi/4.5.2/../../../../arm-none-eabi/include/c++/4.5.2/arm-none-eabi/thumb/bits/gthr-single.h **** /* Wake up all threads waiting on this condition.  */
 195:/opt/toolchains/arm-none-eabi/bin/../lib/gcc/arm-none-eabi/4.5.2/../../../../arm-none-eabi/include/c++/4.5.2/arm-none-eabi/thumb/bits/gthr-single.h **** static inline int
 196:/opt/toolchains/arm-none-eabi/bin/../lib/gcc/arm-none-eabi/4.5.2/../../../../arm-none-eabi/include/c++/4.5.2/arm-none-eabi/thumb/bits/gthr-single.h **** __gthread_objc_condition_broadcast (objc_condition_t condition _GLIBCXX_UNUSED)
 197:/opt/toolchains/arm-none-eabi/bin/../lib/gcc/arm-none-eabi/4.5.2/../../../../arm-none-eabi/include/c++/4.5.2/arm-none-eabi/thumb/bits/gthr-single.h **** {
 198:/opt/toolchains/arm-none-eabi/bin/../lib/gcc/arm-none-eabi/4.5.2/../../../../arm-none-eabi/include/c++/4.5.2/arm-none-eabi/thumb/bits/gthr-single.h ****   return 0;
 199:/opt/toolchains/arm-none-eabi/bin/../lib/gcc/arm-none-eabi/4.5.2/../../../../arm-none-eabi/include/c++/4.5.2/arm-none-eabi/thumb/bits/gthr-single.h **** }
 200:/opt/toolchains/arm-none-eabi/bin/../lib/gcc/arm-none-eabi/4.5.2/../../../../arm-none-eabi/include/c++/4.5.2/arm-none-eabi/thumb/bits/gthr-single.h **** 
 201:/opt/toolchains/arm-none-eabi/bin/../lib/gcc/arm-none-eabi/4.5.2/../../../../arm-none-eabi/include/c++/4.5.2/arm-none-eabi/thumb/bits/gthr-single.h **** /* Wake up one thread waiting on this condition.  */
 202:/opt/toolchains/arm-none-eabi/bin/../lib/gcc/arm-none-eabi/4.5.2/../../../../arm-none-eabi/include/c++/4.5.2/arm-none-eabi/thumb/bits/gthr-single.h **** static inline int
 203:/opt/toolchains/arm-none-eabi/bin/../lib/gcc/arm-none-eabi/4.5.2/../../../../arm-none-eabi/include/c++/4.5.2/arm-none-eabi/thumb/bits/gthr-single.h **** __gthread_objc_condition_signal (objc_condition_t condition _GLIBCXX_UNUSED)
 204:/opt/toolchains/arm-none-eabi/bin/../lib/gcc/arm-none-eabi/4.5.2/../../../../arm-none-eabi/include/c++/4.5.2/arm-none-eabi/thumb/bits/gthr-single.h **** {
 205:/opt/toolchains/arm-none-eabi/bin/../lib/gcc/arm-none-eabi/4.5.2/../../../../arm-none-eabi/include/c++/4.5.2/arm-none-eabi/thumb/bits/gthr-single.h ****   return 0;
 206:/opt/toolchains/arm-none-eabi/bin/../lib/gcc/arm-none-eabi/4.5.2/../../../../arm-none-eabi/include/c++/4.5.2/arm-none-eabi/thumb/bits/gthr-single.h **** }
 207:/opt/toolchains/arm-none-eabi/bin/../lib/gcc/arm-none-eabi/4.5.2/../../../../arm-none-eabi/include/c++/4.5.2/arm-none-eabi/thumb/bits/gthr-single.h **** 
 208:/opt/toolchains/arm-none-eabi/bin/../lib/gcc/arm-none-eabi/4.5.2/../../../../arm-none-eabi/include/c++/4.5.2/arm-none-eabi/thumb/bits/gthr-single.h **** #else /* _LIBOBJC */
 209:/opt/toolchains/arm-none-eabi/bin/../lib/gcc/arm-none-eabi/4.5.2/../../../../arm-none-eabi/include/c++/4.5.2/arm-none-eabi/thumb/bits/gthr-single.h **** 
 210:/opt/toolchains/arm-none-eabi/bin/../lib/gcc/arm-none-eabi/4.5.2/../../../../arm-none-eabi/include/c++/4.5.2/arm-none-eabi/thumb/bits/gthr-single.h **** static inline int
 211:/opt/toolchains/arm-none-eabi/bin/../lib/gcc/arm-none-eabi/4.5.2/../../../../arm-none-eabi/include/c++/4.5.2/arm-none-eabi/thumb/bits/gthr-single.h **** __gthread_active_p (void)
 212:/opt/toolchains/arm-none-eabi/bin/../lib/gcc/arm-none-eabi/4.5.2/../../../../arm-none-eabi/include/c++/4.5.2/arm-none-eabi/thumb/bits/gthr-single.h **** {
 213:/opt/toolchains/arm-none-eabi/bin/../lib/gcc/arm-none-eabi/4.5.2/../../../../arm-none-eabi/include/c++/4.5.2/arm-none-eabi/thumb/bits/gthr-single.h ****   return 0;
 214:/opt/toolchains/arm-none-eabi/bin/../lib/gcc/arm-none-eabi/4.5.2/../../../../arm-none-eabi/include/c++/4.5.2/arm-none-eabi/thumb/bits/gthr-single.h **** }
 215:/opt/toolchains/arm-none-eabi/bin/../lib/gcc/arm-none-eabi/4.5.2/../../../../arm-none-eabi/include/c++/4.5.2/arm-none-eabi/thumb/bits/gthr-single.h **** 
 216:/opt/toolchains/arm-none-eabi/bin/../lib/gcc/arm-none-eabi/4.5.2/../../../../arm-none-eabi/include/c++/4.5.2/arm-none-eabi/thumb/bits/gthr-single.h **** static inline int
 217:/opt/toolchains/arm-none-eabi/bin/../lib/gcc/arm-none-eabi/4.5.2/../../../../arm-none-eabi/include/c++/4.5.2/arm-none-eabi/thumb/bits/gthr-single.h **** __gthread_once (__gthread_once_t *__once _GLIBCXX_UNUSED, void (*__func) (void) _GLIBCXX_UNUSED)
 218:/opt/toolchains/arm-none-eabi/bin/../lib/gcc/arm-none-eabi/4.5.2/../../../../arm-none-eabi/include/c++/4.5.2/arm-none-eabi/thumb/bits/gthr-single.h **** {
 219:/opt/toolchains/arm-none-eabi/bin/../lib/gcc/arm-none-eabi/4.5.2/../../../../arm-none-eabi/include/c++/4.5.2/arm-none-eabi/thumb/bits/gthr-single.h ****   return 0;
 220:/opt/toolchains/arm-none-eabi/bin/../lib/gcc/arm-none-eabi/4.5.2/../../../../arm-none-eabi/include/c++/4.5.2/arm-none-eabi/thumb/bits/gthr-single.h **** }
 221:/opt/toolchains/arm-none-eabi/bin/../lib/gcc/arm-none-eabi/4.5.2/../../../../arm-none-eabi/include/c++/4.5.2/arm-none-eabi/thumb/bits/gthr-single.h **** 
 222:/opt/toolchains/arm-none-eabi/bin/../lib/gcc/arm-none-eabi/4.5.2/../../../../arm-none-eabi/include/c++/4.5.2/arm-none-eabi/thumb/bits/gthr-single.h **** static inline int _GLIBCXX_UNUSED
 223:/opt/toolchains/arm-none-eabi/bin/../lib/gcc/arm-none-eabi/4.5.2/../../../../arm-none-eabi/include/c++/4.5.2/arm-none-eabi/thumb/bits/gthr-single.h **** __gthread_key_create (__gthread_key_t *__key _GLIBCXX_UNUSED, void (*__func) (void *) _GLIBCXX_UNUS
 224:/opt/toolchains/arm-none-eabi/bin/../lib/gcc/arm-none-eabi/4.5.2/../../../../arm-none-eabi/include/c++/4.5.2/arm-none-eabi/thumb/bits/gthr-single.h **** {
 225:/opt/toolchains/arm-none-eabi/bin/../lib/gcc/arm-none-eabi/4.5.2/../../../../arm-none-eabi/include/c++/4.5.2/arm-none-eabi/thumb/bits/gthr-single.h ****   return 0;
 226:/opt/toolchains/arm-none-eabi/bin/../lib/gcc/arm-none-eabi/4.5.2/../../../../arm-none-eabi/include/c++/4.5.2/arm-none-eabi/thumb/bits/gthr-single.h **** }
 227:/opt/toolchains/arm-none-eabi/bin/../lib/gcc/arm-none-eabi/4.5.2/../../../../arm-none-eabi/include/c++/4.5.2/arm-none-eabi/thumb/bits/gthr-single.h **** 
 228:/opt/toolchains/arm-none-eabi/bin/../lib/gcc/arm-none-eabi/4.5.2/../../../../arm-none-eabi/include/c++/4.5.2/arm-none-eabi/thumb/bits/gthr-single.h **** static int _GLIBCXX_UNUSED
 229:/opt/toolchains/arm-none-eabi/bin/../lib/gcc/arm-none-eabi/4.5.2/../../../../arm-none-eabi/include/c++/4.5.2/arm-none-eabi/thumb/bits/gthr-single.h **** __gthread_key_delete (__gthread_key_t __key _GLIBCXX_UNUSED)
 230:/opt/toolchains/arm-none-eabi/bin/../lib/gcc/arm-none-eabi/4.5.2/../../../../arm-none-eabi/include/c++/4.5.2/arm-none-eabi/thumb/bits/gthr-single.h **** {
 20019              		.loc 94 230 0
 20020              		.cfi_startproc
 20021              		@ args = 0, pretend = 0, frame = 8
 20022              		@ frame_needed = 1, uses_anonymous_args = 0
 20023              		@ link register save eliminated.
 20024 0000 80B4     		push	{r7}
 20025              	.LCFI0:
 20026              		.cfi_def_cfa_offset 4
 20027 0002 83B0     		sub	sp, sp, #12
 20028              	.LCFI1:
 20029              		.cfi_def_cfa_offset 16
 20030 0004 00AF     		add	r7, sp, #0
 20031              		.cfi_offset 7, -4
 20032              	.LCFI2:
 20033              		.cfi_def_cfa_register 7
 20034 0006 7860     		str	r0, [r7, #4]
 231:/opt/toolchains/arm-none-eabi/bin/../lib/gcc/arm-none-eabi/4.5.2/../../../../arm-none-eabi/include/c++/4.5.2/arm-none-eabi/thumb/bits/gthr-single.h ****   return 0;
 20035              		.loc 94 231 0
 20036 0008 4FF00003 		mov	r3, #0
 232:/opt/toolchains/arm-none-eabi/bin/../lib/gcc/arm-none-eabi/4.5.2/../../../../arm-none-eabi/include/c++/4.5.2/arm-none-eabi/thumb/bits/gthr-single.h **** }
 20037              		.loc 94 232 0
 20038 000c 1846     		mov	r0, r3
 20039 000e 07F10C07 		add	r7, r7, #12
 20040 0012 BD46     		mov	sp, r7
 20041 0014 80BC     		pop	{r7}
 20042 0016 7047     		bx	lr
 20043              		.cfi_endproc
 20044              	.LFE569:
 20046              		.section	.text._Z18EXTI9_5_IRQHandlerv,"ax",%progbits
 20047              		.align	2
 20048              		.global	_Z18EXTI9_5_IRQHandlerv
 20049              		.thumb
 20050              		.thumb_func
 20052              	_Z18EXTI9_5_IRQHandlerv:
 20053              	.LFB1252:
   1:../board/olimex-stm32f103-stk/board/board-isrs.cpp **** 
   2:../board/olimex-stm32f103-stk/board/board-isrs.cpp **** 
   3:../board/olimex-stm32f103-stk/board/board-isrs.cpp **** #include <target.h>
   4:../board/olimex-stm32f103-stk/board/board-isrs.cpp **** #include <board/transceiver/nrftransceiver.h>
   5:../board/olimex-stm32f103-stk/board/board-isrs.cpp **** #include "inc/factory.h"
   6:../board/olimex-stm32f103-stk/board/board-isrs.cpp **** 
   7:../board/olimex-stm32f103-stk/board/board-isrs.cpp **** 
   8:../board/olimex-stm32f103-stk/board/board-isrs.cpp **** /**
   9:../board/olimex-stm32f103-stk/board/board-isrs.cpp ****  * - Used to detect joystick 'center button' connected to
  10:../board/olimex-stm32f103-stk/board/board-isrs.cpp ****  * the PC5 GPIO.
  11:../board/olimex-stm32f103-stk/board/board-isrs.cpp ****  * - Used for the Transceiver (nRF24L01). Called when
  12:../board/olimex-stm32f103-stk/board/board-isrs.cpp ****  * Transceiver has to notify something to the MCU (GPIO RC9)
  13:../board/olimex-stm32f103-stk/board/board-isrs.cpp ****  */
  14:../board/olimex-stm32f103-stk/board/board-isrs.cpp **** void EXTI9_5_IRQHandler()
  15:../board/olimex-stm32f103-stk/board/board-isrs.cpp **** {
 20054              		.loc 1 15 0
 20055              		.cfi_startproc
 20056              		@ args = 0, pretend = 0, frame = 8
 20057              		@ frame_needed = 1, uses_anonymous_args = 0
 20058 0000 80B5     		push	{r7, lr}
 20059              	.LCFI3:
 20060              		.cfi_def_cfa_offset 8
 20061 0002 82B0     		sub	sp, sp, #8
 20062              	.LCFI4:
 20063              		.cfi_def_cfa_offset 16
 20064 0004 00AF     		add	r7, sp, #0
 20065              		.cfi_offset 14, -4
 20066              		.cfi_offset 7, -8
 20067              	.LCFI5:
 20068              		.cfi_def_cfa_register 7
 20069              	.LBB2:
  16:../board/olimex-stm32f103-stk/board/board-isrs.cpp **** 	// Joystick 'center button' IRQ
  17:../board/olimex-stm32f103-stk/board/board-isrs.cpp **** 	if(EXTI_GetITStatus(EXTI_Line6) != RESET)
 20070              		.loc 1 17 0
 20071 0006 4FF04000 		mov	r0, #64
 20072 000a FFF7FEFF 		bl	EXTI_GetITStatus
 20073 000e 0346     		mov	r3, r0
 20074 0010 002B     		cmp	r3, #0
 20075 0012 0CBF     		ite	eq
 20076 0014 0023     		moveq	r3, #0
 20077 0016 0123     		movne	r3, #1
 20078 0018 DBB2     		uxtb	r3, r3
 20079 001a 002B     		cmp	r3, #0
 20080 001c 03D0     		beq	.L3
  18:../board/olimex-stm32f103-stk/board/board-isrs.cpp **** 	{
  19:../board/olimex-stm32f103-stk/board/board-isrs.cpp **** 
  20:../board/olimex-stm32f103-stk/board/board-isrs.cpp **** 		EXTI_ClearITPendingBit(EXTI_Line6);
 20081              		.loc 1 20 0
 20082 001e 4FF04000 		mov	r0, #64
 20083 0022 FFF7FEFF 		bl	EXTI_ClearITPendingBit
 20084              	.L3:
 20085              	.LBB3:
  21:../board/olimex-stm32f103-stk/board/board-isrs.cpp **** 	}
  22:../board/olimex-stm32f103-stk/board/board-isrs.cpp **** 
  23:../board/olimex-stm32f103-stk/board/board-isrs.cpp **** 	// nRF24L01 IRQ
  24:../board/olimex-stm32f103-stk/board/board-isrs.cpp **** 	if (EXTI_GetITStatus(EXTI_Line9) != RESET)
 20086              		.loc 1 24 0
 20087 0026 4FF40070 		mov	r0, #512
 20088 002a FFF7FEFF 		bl	EXTI_GetITStatus
 20089 002e 0346     		mov	r3, r0
 20090 0030 002B     		cmp	r3, #0
 20091 0032 0CBF     		ite	eq
 20092 0034 0023     		moveq	r3, #0
 20093 0036 0123     		movne	r3, #1
 20094 0038 DBB2     		uxtb	r3, r3
 20095 003a 002B     		cmp	r3, #0
 20096 003c 11D0     		beq	.L4
 20097              	.LBB4:
  25:../board/olimex-stm32f103-stk/board/board-isrs.cpp **** 	{
  26:../board/olimex-stm32f103-stk/board/board-isrs.cpp **** 		IPhyTransceiver & phyTransceiver = Factory::instance().phyTransceiver();
 20098              		.loc 1 26 0
 20099 003e FFF7FEFF 		bl	_ZN7Factory8instanceEv
 20100 0042 0346     		mov	r3, r0
 20101 0044 1A68     		ldr	r2, [r3, #0]
 20102 0046 02F10802 		add	r2, r2, #8
 20103 004a 1268     		ldr	r2, [r2, #0]
 20104 004c 1846     		mov	r0, r3
 20105 004e 9047     		blx	r2
 20106 0050 7860     		str	r0, [r7, #4]
  27:../board/olimex-stm32f103-stk/board/board-isrs.cpp **** 
  28:../board/olimex-stm32f103-stk/board/board-isrs.cpp **** 		// Call transceivers interrupt reception method
  29:../board/olimex-stm32f103-stk/board/board-isrs.cpp **** 		static_cast<NrfTransceiver*>(&phyTransceiver)->onIrq();
 20107              		.loc 1 29 0
 20108 0052 7B68     		ldr	r3, [r7, #4]
 20109 0054 1846     		mov	r0, r3
 20110 0056 FFF7FEFF 		bl	_ZN14NrfTransceiver5onIrqEv
  30:../board/olimex-stm32f103-stk/board/board-isrs.cpp **** 
  31:../board/olimex-stm32f103-stk/board/board-isrs.cpp **** 		EXTI_ClearITPendingBit(EXTI_Line9);
 20111              		.loc 1 31 0
 20112 005a 4FF40070 		mov	r0, #512
 20113 005e FFF7FEFF 		bl	EXTI_ClearITPendingBit
 20114              	.L4:
 20115              	.LBE4:
 20116              	.LBE3:
  32:../board/olimex-stm32f103-stk/board/board-isrs.cpp **** 	}
  33:../board/olimex-stm32f103-stk/board/board-isrs.cpp **** 
  34:../board/olimex-stm32f103-stk/board/board-isrs.cpp **** 	{
  35:../board/olimex-stm32f103-stk/board/board-isrs.cpp **** 		// Clear other pending interrupts
  36:../board/olimex-stm32f103-stk/board/board-isrs.cpp **** 		EXTI_ClearITPendingBit(EXTI_Line5);
 20117              		.loc 1 36 0
 20118 0062 4FF02000 		mov	r0, #32
 20119 0066 FFF7FEFF 		bl	EXTI_ClearITPendingBit
  37:../board/olimex-stm32f103-stk/board/board-isrs.cpp **** 		EXTI_ClearITPendingBit(EXTI_Line7);
 20120              		.loc 1 37 0
 20121 006a 4FF08000 		mov	r0, #128
 20122 006e FFF7FEFF 		bl	EXTI_ClearITPendingBit
  38:../board/olimex-stm32f103-stk/board/board-isrs.cpp **** 		EXTI_ClearITPendingBit(EXTI_Line8);
 20123              		.loc 1 38 0
 20124 0072 4FF48070 		mov	r0, #256
 20125 0076 FFF7FEFF 		bl	EXTI_ClearITPendingBit
 20126              	.LBE2:
  39:../board/olimex-stm32f103-stk/board/board-isrs.cpp **** 	}
  40:../board/olimex-stm32f103-stk/board/board-isrs.cpp **** }
 20127              		.loc 1 40 0
 20128 007a 07F10807 		add	r7, r7, #8
 20129 007e BD46     		mov	sp, r7
 20130 0080 80BD     		pop	{r7, pc}
 20131              		.cfi_endproc
 20132              	.LFE1252:
 20134 0082 00BF     		.text
 20135              	.Letext0:
DEFINED SYMBOLS
                            *ABS*:00000000 board-isrs.cpp
     /tmp/ccvqVXr5.s:20013  .text._ZL20__gthread_key_deletei:00000000 $t
     /tmp/ccvqVXr5.s:20017  .text._ZL20__gthread_key_deletei:00000000 _ZL20__gthread_key_deletei
     /tmp/ccvqVXr5.s:20047  .text._Z18EXTI9_5_IRQHandlerv:00000000 $t
     /tmp/ccvqVXr5.s:20052  .text._Z18EXTI9_5_IRQHandlerv:00000000 _Z18EXTI9_5_IRQHandlerv
                     .debug_frame:00000010 $d

UNDEFINED SYMBOLS
EXTI_GetITStatus
EXTI_ClearITPendingBit
_ZN7Factory8instanceEv
_ZN14NrfTransceiver5onIrqEv
